[dreamhash.com/indexbc14.html]
[backblue.gif]
[fade.gif]
[index.html]
[dreamhash.com/styles/images/favicon.png]
[dreamhash.com/styles/animate.css]
[dreamhash.com/styles/default.css]
[dreamhash.com/styles/bootstrap.min.css]
[dreamhash.com/styles/custom.css]
[dreamhash.com/styles/bootstrap.min.js]
[dreamhash.com/styles/setting2.js]
[dreamhash.com/styles/moment.min.js]
[dreamhash.com/styles/jquery.js]
[dreamhash.com/styles/images/uk.png]
[dreamhash.com/index3898.html]
[dreamhash.com/styles/moment-timezone-with-data.min.js]
[dreamhash.com/styles/images/ru.png]
[dreamhash.com/index38cd.html]
[dreamhash.com/styles/images/de.png]
[dreamhash.com/index56ca.html]
[dreamhash.com/styles/images/es.png]
[dreamhash.com/styles/images/kr.png]
[dreamhash.com/index8aa0.html]
[dreamhash.com/styles/images/cn.png]
[dreamhash.com/styles/images/jp.png]
[dreamhash.com/styles/images/vn.png]
[dreamhash.com/styles/images/cal-ic4.png]
[dreamhash.com/index9c68.html]
[dreamhash.com/styles/images/ctn-stt.png]
[dreamhash.com/index15a0.html]
[sealserver.trustwave.com/seal23f3.js]
[dreamhash.com/indexc30b.html]
[dreamhash.com/styles/images/mcafee.png]
[dreamhash.com/indexcca3.html]
[dreamhash.com/styles/images/avg.png]
[dreamhash.com/styles/images/companies-houseuk.png]
[platform.twitter.com/widgets.js]
[dreamhash.com/index67f0.html]
[dreamhash.com/indexbc14.html]
[dreamhash.com/index5a22.html]
[dreamhash.com/index9d3b.html]
[dreamhash.com/fonts/glyphicons-halflings-regular.eot]
[dreamhash.com/indexfae8.html]
[dreamhash.com/fonts/glyphicons-halflings-regulard41d.eot]
[dreamhash.com/index3514.html]
[dreamhash.com/fonts/glyphicons-halflings-regular.woff]
[dreamhash.com/fonts/glyphicons-halflings-regular.ttf]
[dreamhash.com/indexc273.html]
[dreamhash.com/fonts/glyphicons-halflings-regular.svg]
[dreamhash.com/styles/bootstrap.min.css]
[dreamhash.com/index1785.html]
[dreamhash.com/styles/animate.css]
[dreamhash.com/styles/fonts/ProximaNova-Regular.eot]
[dreamhash.com/indexda66.html]
[dreamhash.com/indexa972.html]
[dreamhash.com/styles/fonts/ProximaNova-Regular.woff]
[dreamhash.com/styles/fonts/ProximaNova-Regulard41d.eot]
[dreamhash.com/styles/fonts/ProximaNova-Semibold.eot]
[dreamhash.com/styles/fonts/ProximaNova-Semibold.woff]
[dreamhash.com/styles/fonts/ProximaNova-Semiboldd41d.eot]
[dreamhash.com/styles/images/logo.png]
[dreamhash.com/styles/images/settings_icon.png]
[dreamhash.com/styles/images/makedeposit_icon.png]
[dreamhash.com/styles/images/withdraw_icon.png]
[dreamhash.com/styles/images/referral_icon.png]
[dreamhash.com/styles/images/telegram.png]
[dreamhash.com/styles/images/facebook.png]
[dreamhash.com/styles/images/twitter-icon.png]
[dreamhash.com/styles/images/clouds-bg.jpg]
[dreamhash.com/styles/images/ctn-bg.jpg]
[dreamhash.com/styles/images/cal-ic5.png]
[dreamhash.com/styles/images/ctn-ic2.png]
[dreamhash.com/styles/images/ctn-ic3.png]
[dreamhash.com/styles/images/ctn-ic4.png]
[dreamhash.com/styles/images/ctn-ic5.png]
[dreamhash.com/styles/images/ctn-ic6.png]
[dreamhash.com/styles/images/ctn-ic7.png]
[dreamhash.com/styles/images/stats-bg.jpg]
[dreamhash.com/styles/images/bn-ic1.png]
[dreamhash.com/styles/images/bn-ic2.png]
[dreamhash.com/styles/images/bn-ic3.png]
[dreamhash.com/styles/images/bn-ic4.png]
[dreamhash.com/styles/images/bn-ic5.png]
[dreamhash.com/styles/images/ctn-bot1.png]
[dreamhash.com/styles/images/ctn-bot2.png]
[dreamhash.com/styles/images/about_browser.png]
[dreamhash.com/styles/images/arrow_faq.png]
[dreamhash.com/styles/images/news_icon.png]
[dreamhash.com/styles/images/date-icon.png]
[dreamhash.com/styles/images/step1.png]
[dreamhash.com/styles/images/step2.png]
[dreamhash.com/styles/images/step3.png]
[dreamhash.com/styles/images/step4.png]
[dreamhash.com/styles/images/step5.png]
[dreamhash.com/styles/images/step6.png]
[dreamhash.com/styles/images/email.png]
[dreamhash.com/styles/images/address.png]
[dreamhash.com/styles/images/phone.png]
[dreamhash.com/styles/images/accleft1.png]
[dreamhash.com/styles/images/accleft2.png]
[dreamhash.com/styles/images/accleft3.png]
[dreamhash.com/styles/images/accleft4.png]
[dreamhash.com/styles/images/accleft5.png]
[dreamhash.com/styles/images/accleft6.png]
[dreamhash.com/styles/images/accleft7.png]
[dreamhash.com/styles/images/accleft8.png]
[dreamhash.com/styles/images/accleft9.png]
[dreamhash.com/styles/images/accleft10.png]
[dreamhash.com/styles/images/uname.png]
[dreamhash.com/styles/images/abalance.png]
[dreamhash.com/styles/custom.css]
[dreamhash.com/styles/default.css]
[dreamhash.com/styles/images/ukcert.jpg]
[dreamhash.com/index3898.html]
[dreamhash.com/index38cd.html]
[dreamhash.com/index56ca.html]
[dreamhash.com/index8aa0.html]
[dreamhash.com/styles/images/affiliate.png]
[dreamhash.com/styles/images/partner.png]
[dreamhash.com/index9c68.html]
[dreamhash.com/index15a0.html]
[dreamhash.com/indexc30b.html]
[dreamhash.com/indexf4a6.html]
[dreamhash.com/index0e38.html]
[dreamhash.com/indexcca3.html]
[dreamhash.com/index67f0.html]
[dreamhash.com/index5a22.html]
[dreamhash.com/index9d3b.html]
[dreamhash.com/index3514.html]
[dreamhash.com/styles/images/zh.png]
[dreamhash.com/index8083.html]
[dreamhash.com/indexfae8.html]
[dreamhash.com/index6be1.html]
[dreamhash.com/indexc273.html]
[dreamhash.com/index1785.html]
[dreamhash.com/indexda66.html]
[dreamhash.com/indexa972.html]
[dreamhash.com/fonts/glyphicons-halflings-regular.html]
[dreamhash.com/fonts/glyphicons-halflings-regulard41d.html]
[dreamhash.com/fonts/glyphicons-halflings-regular-2.html]
[dreamhash.com/fonts/glyphicons-halflings-regular-3.html]
[dreamhash.com/fonts/glyphicons-halflings-regular-4.html]
[dreamhash.com/styles/fonts/ProximaNova-Regular.html]
[dreamhash.com/styles/fonts/ProximaNova-Regular-2.html]
[dreamhash.com/styles/fonts/ProximaNova-Regular.svg]
[dreamhash.com/styles/fonts/ProximaNova-Semibold.html]
[dreamhash.com/styles/fonts/ProximaNova-Semibold-2.html]
[dreamhash.com/styles/fonts/ProximaNova-Semibold.svg]
[dreamhash.com/styles/custom_jp.css]
[dreamhash.com/styles/images/bn-ic1.html]
[dreamhash.com/styles/images/bn-ic2.html]
[dreamhash.com/styles/images/bn-ic3.html]
[dreamhash.com/styles/images/bn-ic4.html]
[dreamhash.com/styles/images/bn-ic5.html]
[dreamhash.com/index8083.html]
[dreamhash.com/index6be1.html]
[dreamhash.com/styles/custom_jp.css]
